current directory: /home/vexo/project/OPERATING-SYSTEM-ANALYSIS/Applications/main-server/vendor/bundle/ruby/3.2.0/gems/psych-5.2.6/ext/psych
/usr/bin/ruby3.2 -I/usr/lib/ruby/vendor_ruby extconf.rb
checking for yaml.h... yes
checking for yaml_get_version() in -lyaml... yes
creating Makefile

current directory: /home/vexo/project/OPERATING-SYSTEM-ANALYSIS/Applications/main-server/vendor/bundle/ruby/3.2.0/gems/psych-5.2.6/ext/psych
make DESTDIR\= sitearchdir\=./.gem.20260330-23982-iour5r sitelibdir\=./.gem.20260330-23982-iour5r clean
cd libyaml && make clean
/bin/sh: 1: cd: can't cd to libyaml
make: [Makefile:283: clean-so] Error 2 (ignored)

current directory: /home/vexo/project/OPERATING-SYSTEM-ANALYSIS/Applications/main-server/vendor/bundle/ruby/3.2.0/gems/psych-5.2.6/ext/psych
make DESTDIR\= sitearchdir\=./.gem.20260330-23982-iour5r sitelibdir\=./.gem.20260330-23982-iour5r
compiling psych.c
compiling psych_emitter.c
compiling psych_parser.c
compiling psych_to_ruby.c
compiling psych_yaml_tree.c
linking shared-object psych.so

current directory: /home/vexo/project/OPERATING-SYSTEM-ANALYSIS/Applications/main-server/vendor/bundle/ruby/3.2.0/gems/psych-5.2.6/ext/psych
make DESTDIR\= sitearchdir\=./.gem.20260330-23982-iour5r sitelibdir\=./.gem.20260330-23982-iour5r install
/usr/bin/install -c -m 0755 psych.so ./.gem.20260330-23982-iour5r

current directory: /home/vexo/project/OPERATING-SYSTEM-ANALYSIS/Applications/main-server/vendor/bundle/ruby/3.2.0/gems/psych-5.2.6/ext/psych
make DESTDIR\= sitearchdir\=./.gem.20260330-23982-iour5r sitelibdir\=./.gem.20260330-23982-iour5r clean
cd libyaml && make clean
/bin/sh: 1: cd: can't cd to libyaml
make: [Makefile:283: clean-so] Error 2 (ignored)
